chao jz wz
che we je
zhai fs qs
zhao qz fz
zhe fe fe
ju jl
jv jl
qu ql
qv ql
xv xl
xu xl
yv yl
yu yl
a xs
ai xh
an xf
ang xp
ao xz
e xe
ei xw
en xn
eng xr
er xj
o xl
ou xd
chai js
chan jf
chang jp
chen jn
cheng jr
chu jj
chun jw
zhan qf
zhang qp
zhen qn
zheng qr
zhu qj
zhun qw
cha ws
chi wk
chong wy
chou wd
chua wq
chuai wg
chuan wt
chuang wx
chui wb
chuo wl
zha fs
zhi fk
zhong fy
zhou fd
zhua fq
zhuai fg
zhuan ft
zhuang fx
zhui fb
zhuo fl
siu sq
sua sq
sei sw
sun sw
se se
seng sr
suan st
siong sy
song sy
sang sp
sa ss
sia ss
sie sd
sou sd
san sf
sing sg
suai sg
sai sh
sue sh
ser sj
su sj
si sk
so sl
suo sl
sao sz
siang sx
suang sx
siao sc
sin sb
sui sb
sen sn
sian sm
sü sl
süe sh
shiu eq
shua eq
shei ew
shun ew
she ee
sheng er
shuan et
shiong ey
shong ey
shang ep
sha es
shia es
shie ed
shou ed
shan ef
shing eg
shuai eg
shai eh
shue eh
sher ej
shu ej
shi ek
sho el
shuo el
shao ez
shiang ex
shuang ex
shiao ec
shin eb
shui eb
shen en
shian em
shü el
shüe eh
qiu qq
qua qq
qei qw
qun qw
qe qe
qeng qr
quan qt
qiong qy
qong qy
qang qp
qa qs
qia qs
qie qd
qou qd
qan qf
qing qg
quai qg
qai qh
que qh
qer qj
qu qj
qi qk
qo ql
quo ql
qao qz
qiang qx
quang qx
qiao qc
qin qb
qui qb
qen qn
qian qm
qü ql
qüe qh
wiu wq
wua wq
wei ww
wun ww
we we
weng wr
wuan wt
wiong wy
wong wy
wang wp
wa ws
wia ws
wie wd
wou wd
wan wf
wing wg
wuai wg
wai wh
wue wh
wer wj
wu wj
wi wk
wo wl
wuo wl
wao wz
wiang wx
wuang wx
wiao wc
win wb
wui wb
wen wn
wian wm
wü wl
wüe wh
riu rq
rua rq
rei rw
run rw
re re
reng rr
ruan rt
riong ry
rong ry
rang rp
ra rs
ria rs
rie rd
rou rd
ran rf
ring rg
ruai rg
rai rh
rue rh
rer rj
ru rj
ri rk
ro rl
ruo rl
rao rz
riang rx
ruang rx
riao rc
rin rb
rui rb
ren rn
rian rm
rü rl
rüe rh
tiu tq
tua tq
tei tw
tun tw
te te
teng tr
tuan tt
tiong ty
tong ty
tang tp
ta ts
tia ts
tie td
tou td
tan tf
ting tg
tuai tg
tai th
tue th
ter tj
tu tj
ti tk
to tl
tuo tl
tao tz
tiang tx
tuang tx
tiao tc
tin tb
tui tb
ten tn
tian tm
tü tl
tüe th
yiu yq
yua yq
yei yw
yun yw
ye ye
yeng yr
yuan yt
yiong yy
yong yy
yang yp
ya ys
yia ys
yie yd
you yd
yan yf
ying yg
yuai yg
yai yh
yue yh
yer yj
yu yj
yi yk
yo yl
yuo yl
yao yz
yiang yx
yuang yx
yiao yc
yin yb
yui yb
yen yn
yian ym
yü yl
yüe yh
piu pq
pua pq
pei pw
pun pw
pe pe
peng pr
puan pt
piong py
pong py
pang pp
pa ps
pia ps
pie pd
pou pd
pan pf
ping pg
puai pg
pai ph
pue ph
per pj
pu pj
pi pk
po pl
puo pl
pao pz
piang px
puang px
piao pc
pin pb
pui pb
pen pn
pian pm
pü pl
püe ph
diu dq
dua dq
dei dw
dun dw
de de
deng dr
duan dt
diong dy
dong dy
dang dp
da ds
dia ds
die dd
dou dd
dan df
ding dg
duai dg
dai dh
due dh
der dj
du dj
di dk
do dl
duo dl
dao dz
diang dx
duang dx
diao dc
din db
dui db
den dn
dian dm
dü dl
düe dh
fiu fq
fua fq
fei fw
fun fw
fe fe
feng fr
fuan ft
fiong fy
fong fy
fang fp
fa fs
fia fs
fie fd
fou fd
fan ff
fing fg
fuai fg
fai fh
fue fh
fer fj
fu fj
fi fk
fo fl
fuo fl
fao fz
fiang fx
fuang fx
fiao fc
fin fb
fui fb
fen fn
fian fm
fü fl
füe fh
giu gq
gua gq
gei gw
gun gw
ge ge
geng gr
guan gt
giong gy
gong gy
gang gp
ga gs
gia gs
gie gd
gou gd
gan gf
ging gg
guai gg
gai gh
gue gh
ger gj
gu gj
gi gk
go gl
guo gl
gao gz
giang gx
guang gx
giao gc
gin gb
gui gb
gen gn
gian gm
gü gl
güe gh
hiu hq
hua hq
hei hw
hun hw
he he
heng hr
huan ht
hiong hy
hong hy
hang hp
ha hs
hia hs
hie hd
hou hd
han hf
hing hg
huai hg
hai hh
hue hh
her hj
hu hj
hi hk
ho hl
huo hl
hao hz
hiang hx
huang hx
hiao hc
hin hb
hui hb
hen hn
hian hm
hü hl
hüe hh
jiu jq
jua jq
jei jw
jun jw
je je
jeng jr
juan jt
jiong jy
jong jy
jang jp
ja js
jia js
jie jd
jou jd
jan jf
jing jg
juai jg
jai jh
jue jh
jer jj
ju jj
ji jk
jo jl
juo jl
jao jz
jiang jx
juang jx
jiao jc
jin jb
jui jb
jen jn
jian jm
jü jl
jüe jh
kiu kq
kua kq
kei kw
kun kw
ke ke
keng kr
kuan kt
kiong ky
kong ky
kang kp
ka ks
kia ks
kie kd
kou kd
kan kf
king kg
kuai kg
kai kh
kue kh
ker kj
ku kj
ki kk
ko kl
kuo kl
kao kz
kiang kx
kuang kx
kiao kc
kin kb
kui kb
ken kn
kian km
kü kl
küe kh
liu lq
lua lq
lei lw
lun lw
le le
leng lr
luan lt
liong ly
long ly
lang lp
la ls
lia ls
lie ld
lou ld
lan lf
ling lg
luai lg
lai lh
lue lh
ler lj
lu lj
li lk
lo ll
luo ll
lao lz
liang lx
luang lx
liao lc
lin lb
lui lb
len ln
lian lm
lü ll
lüe lh
ziu zq
zua zq
zei zw
zun zw
ze ze
zeng zr
zuan zt
ziong zy
zong zy
zang zp
za zs
zia zs
zie zd
zou zd
zan zf
zing zg
zuai zg
zai zh
zue zh
zer zj
zu zj
zi zk
zo zl
zuo zl
zao zz
ziang zx
zuang zx
ziao zc
zin zb
zui zb
zen zn
zian zm
zü zl
züe zh
xiu xq
xua xq
xei xw
xun xw
xe xe
xeng xr
xuan xt
xiong xy
xong xy
xang xp
xa xs
xia xs
xie xd
xou xd
xan xf
xing xg
xuai xg
xai xh
xue xh
xer xj
xu xj
xi xk
xo xl
xuo xl
xao xz
xiang xx
xuang xx
xiao xc
xin xb
xui xb
xen xn
xian xm
xü xl
xüe xh
ciu cq
cua cq
cei cw
cun cw
ce ce
ceng cr
cuan ct
ciong cy
cong cy
cang cp
ca cs
cia cs
cie cd
cou cd
can cf
cing cg
cuai cg
cai ch
cue ch
cer cj
cu cj
ci ck
co cl
cuo cl
cao cz
ciang cx
cuang cx
ciao cc
cin cb
cui cb
cen cn
cian cm
cü cl
cüe ch
biu bq
bua bq
bei bw
bun bw
be be
beng br
buan bt
biong by
bong by
bang bp
ba bs
bia bs
bie bd
bou bd
ban bf
bing bg
buai bg
bai bh
bue bh
ber bj
bu bj
bi bk
bo bl
buo bl
bao bz
biang bx
buang bx
biao bc
bin bb
bui bb
ben bn
bian bm
bü bl
büe bh
niu nq
nua nq
nei nw
nun nw
ne ne
neng nr
nuan nt
niong ny
nong ny
nang np
na ns
nia ns
nie nd
nou nd
nan nf
ning ng
nuai ng
nai nh
nue nh
ner nj
nu nj
ni nk
no nl
nuo nl
nao nz
niang nx
nuang nx
niao nc
nin nb
nui nb
nen nn
nian nm
nü nl
nüe nh
miu mq
mua mq
mei mw
mun mw
me me
meng mr
muan mt
miong my
mong my
mang mp
ma ms
mia ms
mie md
mou md
man mf
ming mg
muai mg
mai mh
mue mh
mer mj
mu mj
mi mk
mo ml
muo ml
mao mz
miang mx
muang mx
miao mc
min mb
mui mb
men mn
mian mm
mü ml
müe mh
